current directory: /home/pawel4449/repos/6r/odin-book/odinbook/vendor/bundle/ruby/3.3.0/gems/psych-5.4.0/ext/psych
/home/pawel4449/.rbenv/versions/3.3.5/bin/ruby extconf.rb
checking for pkg-config for yaml-0.1... not found
checking for yaml.h... yes
checking for yaml_get_version() in -lyaml... yes
creating Makefile

current directory: /home/pawel4449/repos/6r/odin-book/odinbook/vendor/bundle/ruby/3.3.0/gems/psych-5.4.0/ext/psych
make DESTDIR\= sitearchdir\=./.gem.20260607-6905-6ageci sitelibdir\=./.gem.20260607-6905-6ageci clean
cd libyaml && make clean
/bin/sh: 1: cd: can't cd to libyaml
make: [Makefile:283: clean-so] Error 2 (ignored)

current directory: /home/pawel4449/repos/6r/odin-book/odinbook/vendor/bundle/ruby/3.3.0/gems/psych-5.4.0/ext/psych
make DESTDIR\= sitearchdir\=./.gem.20260607-6905-6ageci sitelibdir\=./.gem.20260607-6905-6ageci
compiling psych.c
compiling psych_emitter.c
compiling psych_parser.c
compiling psych_to_ruby.c
compiling psych_yaml_tree.c
linking shared-object psych.so

current directory: /home/pawel4449/repos/6r/odin-book/odinbook/vendor/bundle/ruby/3.3.0/gems/psych-5.4.0/ext/psych
make DESTDIR\= sitearchdir\=./.gem.20260607-6905-6ageci sitelibdir\=./.gem.20260607-6905-6ageci install
/usr/bin/install -c -m 0755 psych.so ./.gem.20260607-6905-6ageci

current directory: /home/pawel4449/repos/6r/odin-book/odinbook/vendor/bundle/ruby/3.3.0/gems/psych-5.4.0/ext/psych
make DESTDIR\= sitearchdir\=./.gem.20260607-6905-6ageci sitelibdir\=./.gem.20260607-6905-6ageci clean
cd libyaml && make clean
/bin/sh: 1: cd: can't cd to libyaml
make: [Makefile:283: clean-so] Error 2 (ignored)
